// Jest Snapshot v1, https://goo.gl/fbAQLP

exports[`H O M E --- Snapshot Capturing Snapshot of Home 1`] = `
<div
  className="container"
>
  <h2>
    using React and Redux
  </h2>
  <div>
    Input 1:
    <input
      placeholder="0"
      type="text"
    />
  </div>
  <div>
    Input 2 :
    <input
      placeholder="0"
      type="text"
    />
  </div>
  <div>
    Output :
    <input
      placeholder="0"
      readOnly={true}
      type="text"
      value="0"
    />
  </div>
  <div>
    <button
      id="add"
      onClick={[Function]}
    >
      Add
    </button>
    <button
      id="subtract"
      onClick={[Function]}
    >
      Subtract
    </button>
  </div>
  <hr />
</div>
`;
